<html>
<body>
<pre>
<h1>µVision Build Log</h1>
<h2>Project:</h2>
C:\Users\jmcgirr\AppData\Local\Apps\2.0\A9WEQJVA.DGJ\DRVWN89M.R3R\gith..tion_317444273a93ac29_0001.0000_08490aa4380d2e54\ecfile1.uwaterloo.ca\jmcgirr\My Documents\GitHub\SE350\manual_code\Timer_irq\timer.uvproj
Project File Date:  02/24/2014

<h2>Output:</h2>
Rebuild target 'Timer SIM'
assembling startup_LPC17xx.s...
compiling system_LPC17xx.c...
compiling uart_polling.c...
compiling main.c...
compiling timer.c...
linking...
Program Size: Code=1344 RO-data=236 RW-data=8 ZI-data=608  
"timer.axf" - 0 Error(s), 0 Warning(s).
